372	png	石見	fp5a95868f.oski211.ap.nuro.jp	2026/04/22(Wed)00:30	2168	text/plain	9820e9a	2026-04-22 00.28.45.png
371	png	四藷^理教国	fp5a95868f.oski211.ap.nuro.jp	2026/04/22(Wed)00:11	2132	text/plain	9820e9a	42 (1).png
370	png	降伏済み	p2702018-ipoe.ipoe.ocn.ne.jp	2025/12/09(Tue)02:16	1825	text/plain	*	白旗_300x200.png
369	png	ルクスマグナ共和合衆皇国	fp5a95868f.oski211.ap.nuro.jp	2024/12/16(Mon)23:20	3541	text/plain	79777e8	IMG_9763.png
368	png	tanna	nz045.net117104012.thn.ne.jp	2024/05/16(Thu)18:30	1169	text/plain	7de329e	kokkihakoniwa.png
367	png	367	fp5a95868f.oski211.ap.nuro.jp	2024/02/20(Tue)22:16	2430	text/plain	9820e9a	トータエ社会主義人民共和国旗 (1) (1).png
366	png	ノエシタ社会主義共和国連邦国旗	softbank126004236053.bbtec.net	2024/01/20(Sat)18:27	3698	text/plain	*	画像編集用 (1).png
365	png	アクアマリン王国国旗2_MINI	softbank060106155102.bbtec.net	2023/10/20(Fri)18:42	1049	text/plain	c053516	AquamarineFlag_mini.png
364	png	ツイーゲ国旗	p4100015-ipoe.ipoe.ocn.ne.jp	2023/05/12(Fri)20:23	2423	text/plain	*	スクリーンショット 2023-01-03 14.25.59.png
363	png	セニオリス連邦旗	p2702018-ipoe.ipoe.ocn.ne.jp	2023/03/12(Sun)17:16	3424	text/plain	a6a0b93	セニオリス連邦.png
362	png	エーゲkokki	58x158x57x218.ap58.ftth.ucom.ne.jp	2023/03/01(Wed)10:10	91	text/plain	d2d9abb	Screenshot 2023-03-01 10.08.38.png
361	png	Novoznaydena_Zemlya	114-134-206-203.fnnr.j-cnet.jp	2022/10/25(Tue)07:55	2282	text/plain	*	ee.png
360	png	flag_seritinum	p9314106-ipngn11302marunouchi.tokyo.ocn.ne.jp	2022/10/10(Mon)12:32	3643	text/plain	117f4a8	Flag_Seritinum_small.png
359	png	自由惑星同盟	ZP212164.ppp.dion.ne.jp	2022/04/17(Sun)13:26	1695	text/plain	*	ダウンロード.png
358	png	セニオリス社会共和国国旗	p2702018-ipoe.ipoe.ocn.ne.jp	2022/02/07(Mon)23:39	2146	text/plain	*	セニオリス社会共和国.png
357	png	Andreak9	softbank126122113227.bbtec.net	2022/01/29(Sat)17:43	3992	text/plain	1dc0791	andreak9.png
356	png	神聖ガトーヴィチ帝国弔旗	p682144-ipoe.ipoe.ocn.ne.jp	2021/11/07(Sun)16:48	3742	text/plain	*	mourning_flag_of_gotovit.png
355	png	アーネトイ＝ロックバーン旗	91-188-100-219.extride.ad.jp	2021/10/04(Mon)22:27	2635	text/plain	f057b86	アーネトイ＝ロックバーン旗 (1).png
354	png	新洲府試作	KHP222000166076.ppp-bb.dion.ne.jp	2021/09/27(Mon)22:40	1058	text/plain	*	316.png
353	png	新洲府原旗	KHP222000166076.ppp-bb.dion.ne.jp	2021/09/27(Mon)16:57	1704	text/plain	*	karibata-min.png
352	png	新洲府試作旗	KHP222000166076.ppp-bb.dion.ne.jp	2021/09/27(Mon)16:45	2468	text/plain	*	karibata.png
351	png	Schotten und Rauten	softbank060137004085.bbtec.net	2021/09/26(Sun)01:05	4018	text/plain	*	SR_little.png
350	png	polairtest2	flh2-119-241-187-160.tky.mesh.ad.jp	2021/09/20(Mon)19:58	1418	text/plain	6ac3a27	polair3.png
349	png	polairtest	flh2-119-241-187-160.tky.mesh.ad.jp	2021/09/20(Mon)17:41	203	text/plain	6ac3a27	polair2.png
348	png	ラ・フローリド共和国　国旗	p4504012-ipoe.ipoe.ocn.ne.jp	2021/09/20(Mon)12:27	3904	text/plain	32477ff	5b856ae5303877069d94538492c0e6e7.png
347	png	セフィロトシステムロゴ(明)	softbank060106155102.bbtec.net	2021/09/19(Sun)22:21	990	text/plain	*	sefirot_log_mini_bright.png
346	png	ねこです。	softbank126147137065.bbtec.net	2021/09/17(Fri)10:14	3048	text/plain	96d05fd	index.png
344	png	セリティヌム共和政の国旗です。	p2435016-ipoe.ipoe.ocn.ne.jp	2021/09/15(Wed)10:44	1152	text/plain	*	Flag_Seritinum_mini.png
343	png	オーヴァリア大公領	softbank126124229197.bbtec.net	2021/09/10(Fri)22:10	3518	text/plain	1713c02	auvaria01.png
342	png	レゴリス帝国国旗	softbank060112041251.bbtec.net	2021/08/15(Sun)23:34	3450	text/plain	*	Flag_of_the_regorisu009.png
341	png	セニオリス・スラヴ国国旗	p6081-ipngn1201koufu.yamanashi.ocn.ne.jp	2021/08/14(Sat)00:58	2741	text/plain	5e948aa	セニオリス・スラヴ国_圧縮.png
340	png	セフィロトシステムロゴ	softbank060106155102.bbtec.net	2021/06/26(Sat)05:56	992	text/plain	c053516	sefirot_log_mini.png
339	png	パルコルム主席　春擬武　フリードリッヒ・シュタイナー総帥	p1113218-li-mobac01.osaka.ocn.ne.jp	2021/06/08(Tue)20:45	1664	text/plain	6b71258	265.png
338	png	リブル	om126204194184.6.openmobile.ne.jp	2021/04/05(Mon)21:47	223	text/plain	*	リブル.png
337	png	成蘭王国国旗	244.116.168.203.megaegg.ne.jp	2021/04/04(Sun)18:47	1694	text/plain	4a0e0af	125.png
336	png	ノイエクルス国旗	p6887021-ipngn29301marunouchi.tokyo.ocn.ne.jp	2021/02/23(Tue)17:32	451	text/plain	*	ノイエクルス.png
335	png	秋津国旗	softbank126159121204.bbtec.net	2021/02/03(Wed)10:04	3466	text/plain	*	1024px-Japan_Koutaisi(son)_Flag.svg.png
334	png	BeCP	p603133-ipngn200506osakachuo.osaka.ocn.ne.jp	2021/01/29(Fri)15:02	3824	text/plain	*	verniy_flag.png
333	png	Blue flag	101-142-164-190f1.hyg1.eonet.ne.jp	2021/01/17(Sun)01:02	1533	text/plain	*	Blueflag.png
332	png	ガリツィア・ロドメリア	FL1-119-240-28-96.iwa.mesh.ad.jp	2020/12/23(Wed)14:52	635	text/plain	6ac3a27	320px-Galicia_and_Lodomeria_flag.png
331	png	ユートレニア	p823103-ipngn3901yosida.nagano.ocn.ne.jp	2020/12/05(Sat)23:30	1069	text/plain	*	hata.png
330	png	リブル国旗	om126208169074.22.openmobile.ne.jp	2020/09/28(Mon)03:15	2305	text/plain	*	img_logo.png
329	png	ハルィチナー	FL1-119-240-25-46.iwa.mesh.ad.jp	2020/09/27(Sun)17:47	160	text/plain	25b6279	200px-Flag_of_Galicia_and_Lodomeria_(1849-1890).svg.png
328	png	ロシジュア帝聖平和ドミニウム旗	c-210-56-180-159.bb.avis.ne.jp	2020/09/22(Tue)16:07	4036	text/plain	*	dominium.png
327	png	御岳	mp76f1fa53.ap.nuro.jp	2020/08/06(Thu)13:27	444	text/plain	7d1ed41	ontakefrag2.png
326	png	ネオ下北沢帝国	flets-110-092-060-056.fip.synapse.ne.jp	2020/06/09(Tue)02:43	4090	text/plain	d038b4b	下北沢.png
325	png	ロシジュア平和コモンウェルス旗	c-210-56-180-159.bb.avis.ne.jp	2020/05/17(Sun)18:45	3672	text/plain	*	PeacefulCommonwealthofRuszuahs.png
324	png	大北圏	p3a57e78c.chibnt01.ap.so-net.ne.jp	2020/03/27(Fri)13:06	671	text/plain	*	C818C056-88CC-41B7-B150-2CE28C397C39.png
323	png	ルイスロ公国国旗	KD111239146189.au-net.ne.jp	2020/03/27(Fri)02:45	2248	text/plain	945b92e	ha.png
322	png	レガルトニアス共和国国旗	softbank060153133010.bbtec.net	2020/03/16(Mon)12:09	3358	text/plain	9256295	国旗３-min-min.png
321	png	連邦帝国	91-188-100-219.extride.ad.jp	2020/03/16(Mon)07:45	2795	text/plain	0820e32	logo-min.png
320	png	テオルナーヤ	softbank126090044207.bbtec.net	2020/02/29(Sat)13:41	3028	text/plain	82ab724	830.png
319	png	秋津人民共和国	KD113156129139.ppp-bb.dion.ne.jp	2020/02/09(Sun)15:07	2974	text/plain	9c67bf1	日本人民共和国2.png
318	png	ンボベベ	KD113156129139.ppp-bb.dion.ne.jp	2019/12/31(Tue)02:24	2635	text/plain	9c67bf1	1-5.png
317	png	Sai Ying	p79204-ipngn1801yosida.nagano.ocn.ne.jp	2019/12/28(Sat)12:04	1489	text/plain	*	Sai Ying.png
316	png	新洲府旗	KD027092104063.ppp-bb.dion.ne.jp	2019/12/14(Sat)11:49	214	text/plain	2a399e4	xinzoufu.png
315	png	イスタシア王国国旗	184.254.3.110.ap.yournet.ne.jp	2019/12/14(Sat)00:11	1129	text/plain	*	Istasia_mini.png
314	png	北海	p3a57e78c.chibnt01.ap.so-net.ne.jp	2019/12/11(Wed)14:36	2182	text/plain	fcdfdd0	46B6148E-6D37-47CA-9AD8-83A667983AB9.png
313	png	アンサル・ル・ルティア国旗	FL1-133-204-225-120.oky.mesh.ad.jp	2019/12/06(Fri)23:14	980	text/plain	7f871c6	ansakokki1.png
312	png	北海連邦国旗	p3a57e78c.chibnt01.ap.so-net.ne.jp	2019/10/31(Thu)22:22	1194	text/plain	f139fa0	360690FE-EAD4-4B2F-B49D-828D8CF10A7B.png
311	png	メロシラ	45.92.32.2	2019/10/17(Thu)08:51	3121	text/plain	9c67bf1	AajVygLkl.png
310	png	ャrエト社会主義共和国連邦国旗	202-229-48-78.ap-p27.canvas.ne.jp	2019/10/16(Wed)18:09	1081	text/plain	*	ダウンロード.png
309	png	ベロガトーヴィチ	nz069.net117104012.thn.ne.jp	2019/09/28(Sat)18:18	3151	text/plain	f6266cc	berogato-viti.png
308	png	ロシジュアTISC国旗	c-210-56-180-159.bb.avis.ne.jp	2019/09/24(Tue)17:34	3471	text/plain	e59f837	Ruszuah TISC.png
307	png	ISS	i60-35-60-175.s41.a013.ap.plala.or.jp	2019/09/10(Tue)15:13	1479	text/plain	*	sansha.png
306	png	ロシジュア帝国国旗	c-210-56-180-159.bb.avis.ne.jp	2019/08/14(Wed)20:17	3282	text/plain	e59f837	Ruszuah Empire.png
305	png	ライン共和国国旗	116-94-18-150.ppp.bbiq.jp	2019/07/05(Fri)23:26	2469	text/plain	35fd196	ライン共和国国旗.png
304	png	カタルシア2	175-0-156-220.flets.hi-ho.ne.jp	2019/03/05(Tue)02:02	3760	text/plain	*	カタルシア2.png
303	png	カタルシア1	175-0-156-220.flets.hi-ho.ne.jp	2019/03/05(Tue)02:02	4002	text/plain	*	カタルシア1.png
302	png	大社修正版	i58-89-149-178.s42.a013.ap.plala.or.jp	2019/01/06(Sun)20:36	704	text/plain	*	301.png
301	png	大社共和国	KD106166231212.ppp-bb.dion.ne.jp	2019/01/04(Fri)17:55	728	text/plain	*	ontakefrag.png
300	png	ケウシェンツァ独立共和国国旗	p6879238-ipngn29201marunouchi.tokyo.ocn.ne.jp	2019/01/02(Wed)23:53	2310	text/plain	*	ケウテーク4530.png
299	png	flag	p492158-ipngn3002yosida.nagano.ocn.ne.jp	2019/01/02(Wed)19:12	1209	text/plain	*	CPP.png
298	png	第二国旗	91-188-100-219.extride.ad.jp	2018/12/25(Tue)20:37	2058	text/plain	69b3415	GSF2.png
297	png	エルトアニア帝国旗ｂｂ	p7754070-ipngn36701marunouchi.tokyo.ocn.ne.jp	2018/11/24(Sat)23:40	467	text/plain	*	国旗bb.png
296	png	エルトアニア帝国旗	p7754070-ipngn36701marunouchi.tokyo.ocn.ne.jp	2018/11/24(Sat)17:13	344	text/plain	*	国旗aa.png
295	png	香麗国旗	p2161247-ipngn200705osakachuo.osaka.ocn.ne.jp	2018/11/20(Tue)11:07	2722	text/plain	*	Royal_flag_of_Goryeo_(Bong-gi).svg.png
294	png	香麗国旗	p2161247-ipngn200705osakachuo.osaka.ocn.ne.jp	2018/11/20(Tue)11:07	2722	text/plain	*	Royal_flag_of_Goryeo_(Bong-gi).svg.png
293	png	香麗国旗	p2161247-ipngn200705osakachuo.osaka.ocn.ne.jp	2018/11/20(Tue)11:07	2722	text/plain	*	Royal_flag_of_Goryeo_(Bong-gi).svg.png
292	png	カズカズ共和国国旗	42.244.218.133.dy.bbexcite.jp	2018/09/21(Fri)22:35	3881	text/plain	37c614c	kazukazu.png
291	png	散花連合共和国国旗	122-222-93-143.fukuoka.ap.gmo-isp.jp	2018/07/11(Wed)01:59	3202	text/plain	9c67bf1	グラフィックス111.png
290	png	カドレン国旗	p1375156-ipngn200208osakachuo.osaka.ocn.ne.jp	2018/06/26(Tue)22:22	2410	text/plain	67fd971	cadlenflag.png
289	png	バルト国旗	124x37x140x170.ap124.ftth.ucom.ne.jp	2018/06/17(Sun)15:01	2027	text/plain	b8923dc	バルト連合諸国.png
288	png	ヴェニスグループ標章	softbank060106155102.bbtec.net	2018/06/09(Sat)14:47	1565	text/plain	c053516	Flag_of_Venice2_DE_mini2.png
287	png	ヴォルネスク・スラヴ共和国国旗	nz069.net117104012.thn.ne.jp	2018/05/21(Mon)16:36	1843	text/plain	*	wanwano良い国旗.png
286	png	普藍共和国国旗2	softbank126025106179.bbtec.net	2018/05/20(Sun)12:06	1340	text/plain	7a37fb3	普藍国旗2.png
285	png	フェネグリーク帝国国旗	180-146-91-63f1.shg1.eonet.ne.jp	2018/05/10(Thu)00:10	3707	text/plain	188f4ff	f_11-1_R.png
284	png	ルイビル連邦共和国国旗	180-144-132-16f1.shg1.eonet.ne.jp	2018/05/08(Tue)22:20	463	text/plain	62f6b93	Nation_sing.png
282	png	ギルガルド社会主義共和国連邦国旗	80-81-99-103.extride.ad.jp	2018/05/06(Sun)17:28	249	text/plain	*	ギルガルド社会主義共和国連邦国旗.png
281	png	オリシエント王国旗	KD036008189151.ppp-bb.dion.ne.jp	2018/05/06(Sun)00:47	1932	text/plain	6260b81	kokki.png
280	png	アオリィカ王国旗	ZF056211.ppp.dion.ne.jp	2018/05/04(Fri)23:24	2500	text/plain	d0ddc38	Mq6XP.png
279	png	普藍共和国国旗	softbank126025106179.bbtec.net	2018/05/03(Thu)20:20	1628	text/plain	7a37fb3	普藍国旗.png
278	png	よろしく	p96938450.iskwnt01.ap.so-net.ne.jp	2018/04/11(Wed)19:06	1768	text/plain	cdfd233	fb翫ピクチャ4.png
276	png	ヴァージナル	p496079-ipngn3002yosida.nagano.ocn.ne.jp	2018/03/21(Wed)16:04	2645	text/plain	ac6182c	VPSU2.png
275	png	ラルティスタ社会主義共和国旗	i219-167-220-143.s02.a020.ap.plala.or.jp	2018/03/18(Sun)13:11	3809	text/plain	a27fb7c	nationalflag_mini.png
273	png	トラハト＝ラシュハ連合王国旗	80.111.100.219.cc9.ne.jp	2018/01/07(Sun)00:33	1774	text/plain	8c1e033	トラハト国旗.png
272	png	椛太旗	i114-181-229-108.s42.a013.ap.plala.or.jp	2017/11/24(Fri)14:25	282	text/plain	9c67bf1	kaha2.png
271	png	浄土本宗正道国国旗	p6e4382ee.iskwnt01.ap.so-net.ne.jp	2017/11/23(Thu)17:04	4077	text/plain	82ab724	262.png
270	png	ガンセイゴ平和郷国国旗	p6e4382ee.iskwnt01.ap.so-net.ne.jp	2017/11/18(Sat)21:04	1874	text/plain	82ab724	263.png
269	png	オルレアンフランス	p281108-ipngn200504osakachuo.osaka.ocn.ne.jp	2017/09/14(Thu)11:29	2057	text/plain	*	roiyals.png
268	png	椛太	i222-150-25-75.s42.a013.ap.plala.or.jp	2017/07/15(Sat)18:00	238	text/plain	*	kaha.png
267	png	南瓜共和国国旗	p6153-ipad207obiyama.kumamoto.ocn.ne.jp	2017/07/14(Fri)03:37	718	text/plain	*	017.png
266	png	セニオリス共和国旗	184.254.3.110.ap.yournet.ne.jp	2017/07/02(Sun)22:35	463	text/plain	*	Republic_of_Seniorious_mini.png
265	png	龍鮮	softbank126216010169.bbtec.net	2017/05/29(Mon)20:15	1664	text/plain	*	kp250.png
264	png	ヴェデーク国旗	23.27.245.92	2017/04/10(Mon)23:04	2004	text/plain	dc9bdb5	WEIN2.png
263	png	ガトーヴィチ帝国旗	p3051-ipngn5901marunouchi.tokyo.ocn.ne.jp	2017/03/25(Sat)10:07	1874	text/plain	e9ea265	GotovitFlag.png
262	png	カルセドニー連合旗	mo1-73-73-29.air.mopera.net	2017/03/15(Wed)16:46	4077	text/plain	4529614	Flag-U-Chalcedony.png
261	png	北海社会主義共和国旗	p8223-ipngn9901marunouchi.tokyo.ocn.ne.jp	2017/02/26(Sun)21:07	2503	text/plain	35a6f12	srh_flag_02.png
260	png	サーエボ人民共和国国旗	133.9.75.172	2017/02/10(Fri)00:18	2225	text/plain	*	PRS.png
259	png	蒼鋼国国旗	118-87-85-27.koalanet.ne.jp	2017/01/29(Sun)19:21	3205	text/plain	10ecc9c	蒼鋼国国旗s.png
258	png	シャムレー国旗	p422006-ipngn3601kokuryo.gunma.ocn.ne.jp	2016/12/11(Sun)16:32	2925	text/plain	39672bc	シャムレー.png
257	png	フランク連邦紋章	KD106161177198.au-net.ne.jp	2016/09/06(Tue)09:08	3896	text/plain	22b78ed	フランク連邦紋章 (2).png
255	png	セビージャ臨時政府国旗	i114-183-181-231.s42.a004.ap.plala.or.jp	2016/08/10(Wed)22:57	2875	text/plain	3c04ca3	セビーリャ国旗2.png
254	png	ラシニア社会共和国国旗「自由旗」	9.32.54.36.ap.yournet.ne.jp	2016/07/03(Sun)01:10	3158	text/plain	63034c1	^1CBE27A51CA5E5A1875F4B3C22A531F9F2AF2D5C573962D522^pimgpsh_fullsize_distr.png
253	png	西岸州正式国旗	KD036008234201.ppp-bb.dion.ne.jp	2016/05/11(Wed)21:34	3870	text/plain	*	西岸州3_アイコン.png
252	png	カルセドニー国旗（高）	u1316245.xgsnun001.imtp.tachikawa.mopera.net	2016/05/10(Tue)19:12	1393	text/plain	*	国旗2.png
251	png	こっきっき	softbank126216010169.bbtec.net	2016/05/03(Tue)19:26	3448	text/plain	0b66b65	こっき.png
250	png	西岸州暫定国旗	KD036008234201.ppp-bb.dion.ne.jp	2016/04/18(Mon)17:18	4041	text/plain	3e9eccc	西岸州_アイコン.png
249	png	スコッチ新国旗	softbank126216010169.bbtec.net	2016/04/14(Thu)19:15	2584	text/plain	143e3aa	sinnkokkimini.png
248	png	アルテノルト旗	143.36.135.27.ap.yournet.ne.jp	2016/04/11(Mon)18:39	3993	text/plain	4c0a317	107.PNG
247	png	ロムレー国旗	p1926153-ipngn200701osakachuo.osaka.ocn.ne.jp	2016/04/07(Thu)22:40	221	text/plain	290a0b4	?tendard_lomerais.png
246	png	ロヒキ人民共和国国旗	y093252.ppp.asahi-net.or.jp	2016/03/28(Mon)16:59	2686	text/plain	d9a98b6	kokki.png
245	png	コムニタス旗	softbank060137004085.bbtec.net	2016/03/28(Mon)01:05	2787	text/plain	92e606e	commariana.png
244	png	r-hinomoto	softbank221040110135.bbtec.net	2016/02/21(Sun)19:25	359	text/plain	*	125.png
243	png	セビーリャ自由共和国国旗	i58-93-6-16.s42.a004.ap.plala.or.jp	2016/02/18(Thu)22:38	4004	text/plain	3c04ca3	セビーリャ自由共和国国旗.png
242	png	萬州・和寧民主共和国旗(五色旗)	191.117.133.27.ap.yournet.ne.jp	2016/02/18(Thu)22:36	2806	text/plain	76a2cd6	Flag_of_the_Republic_of_China_(1912-1928).svg.png
241	png	ベルサリエーレ共和国旗	w182089.dynamic.ppp.asahi-net.or.jp	2016/02/15(Mon)18:44	4075	text/plain	*	国旗16小.png
240	png	トルキー社会主義共和国旗	235.net042126162.t-com.ne.jp	2016/02/13(Sat)21:06	3150	text/plain	15560c3	トルキー国旗2.png
239	png	セビーリャ民主共和国	i114-183-183-205.s42.a004.ap.plala.or.jp	2016/02/06(Sat)23:07	3018	text/plain	3c04ca3	239.png
238	png	ボアーズィチィ帝国旗	rdns.202.50.176.209.sth.nz	2016/02/05(Fri)15:43	688	text/plain	4b53580	flag_1.png
237	png	アリア連邦国旗	softbank126010132170.bbtec.net	2016/01/30(Sat)23:59	2209	text/plain	fef17be	AF(仮)_2.png
236	png	ヨリクシ国旗	175-28-189-202.ppp.bbiq.jp	2016/01/29(Fri)16:25	2114	text/plain	476f240	ヨリクシ国旗.png
235	png	トロピコ国旗（暫定）	p1150-ipbf12wakayama.wakayama.ocn.ne.jp	2016/01/19(Tue)05:12	3523	text/plain	*	flag.png
234	png	トルキー国旗	180.net042126164.t-com.ne.jp	2016/01/09(Sat)00:03	570	text/plain	a9e069a	トルキー臨時国旗.png
233	png	南瓜国旗（再掲）	p1514094-ipngn15301marunouchi.tokyo.ocn.ne.jp	2016/01/03(Sun)17:03	718	text/plain	3a5f739	017.png
232	png	NQL国旗	119-171-166-239.rev.home.ne.jp	2015/12/28(Mon)20:26	3294	text/plain	292e0c7	無題.png
231	png	クイーンズ国旗	119-171-166-239.rev.home.ne.jp	2015/12/25(Fri)17:40	3739	text/plain	292e0c7	union1.png
230	png	セビーリャ共和国国旗	i114-183-180-154.s42.a004.ap.plala.or.jp	2015/12/11(Fri)20:01	2678	text/plain	3c04ca3	セビーリャ共和国国旗2.png
229	png	フリスラーン帝国	KD124212023172.ppp-bb.dion.ne.jp	2015/12/10(Thu)20:43	2680	text/plain	a96d968	images.png
228	png	wale	p18210-ipngn1201kokuryo.gunma.ocn.ne.jp	2015/12/08(Tue)22:43	3866	text/plain	773131a	waleridse2_R.png
227	png	ウェールリズセ	p18210-ipngn1201kokuryo.gunma.ocn.ne.jp	2015/12/08(Tue)21:45	3367	text/plain	773131a	wale2 (2)_R.png
226	png	長州国	hcn-088-210.haginet.ne.jp	2015/11/20(Fri)16:05	2510	text/plain	5843481	52e7b885-s.png
225	png	ゴルカ連邦共和国国旗	w238241.dynamic.ppp.asahi-net.or.jp	2015/11/02(Mon)22:29	3668	text/plain	de14a50	国旗.png
224	png	カルセドニー島入植地国旗	u581079.xgsnun103.imtp.tachikawa.mopera.net	2015/11/01(Sun)10:51	251	text/plain	*	224.png
223	png	ヘルトジブリール社会主義共和国旗	41.191.250.210.hikari.fibernet.jp	2015/10/24(Sat)14:56	3626	text/plain	bdcbe48	Socialist Republic of Hero Jibril.png
222	png	エウシウワンジャ共和国旗	p1164-ipngn1501souka.saitama.ocn.ne.jp	2015/10/20(Tue)18:00	1380	text/plain	*	エウシウワンジャ.png
221	png	ベルサリエーレ国旗改訂版	w182089.dynamic.ppp.asahi-net.or.jp	2015/10/12(Mon)19:54	3413	text/plain	1930d95	国旗11改.png
220	png	シェロジア共和国国旗	119-171-165-66.rev.home.ne.jp	2015/09/09(Wed)00:48	2572	text/plain	292e0c7	sanou2.png
219	png	フランドル連邦仮政府　	pa98a35.narant01.ap.so-net.ne.jp	2015/08/29(Sat)16:43	2055	text/plain	*	USfln.png
218	png	フランドル連邦仮政府　執政旗	pa98a35.narant01.ap.so-net.ne.jp	2015/08/29(Sat)16:23	1858	text/plain	e4b16b2	iconfln1.png
217	png	コーデクス共和国旗	i114-183-230-243.s41.a012.ap.plala.or.jp	2015/06/28(Sun)19:24	2740	text/plain	*	codecs.png
216	png	新カプツモーゼ帝国旗	nttkyo705039.tkyo.nt.ftth.ppp.infoweb.ne.jp	2015/06/21(Sun)00:02	3987	text/plain	e8816ef	Flag_of_CPTZ.png
214	png	革命スコッチランド	softbank126216010169.bbtec.net	2015/05/22(Fri)22:59	2269	text/plain	*	flag001.png
213	png	ラングラード=カルス帝国旗	softbank219203038209.bbtec.net	2015/04/18(Sat)10:39	1473	text/plain	*	ラングラード=カルス帝国旗.png
212	png	verniy	121-81-70-245f1.hyg1.eonet.ne.jp	2015/04/13(Mon)20:01	4069	text/plain	eb01cb4	2222.png
211	png	weeel	p20245-ipngn1201kokuryo.gunma.ocn.ne.jp	2015/04/10(Fri)23:39	2975	text/plain	773131a	well3.png
210	png	アジノーチカ国旗	st0307.nas811.n-hiroshima.nttpc.ne.jp	2015/03/30(Mon)22:19	3246	text/plain	c8e8dba	アジノーチカ国旗.png
209	png	龍鮮統一旗	111.81.135.27.ap.yournet.ne.jp	2015/03/30(Mon)20:10	3437	text/plain	*	Unification_flag_of_Korea_svg1.png
208	png	ヴェールヌイ国旗	112-69-164-139f1.hyg1.eonet.ne.jp	2015/03/25(Wed)00:17	2551	text/plain	eb01cb4	verny1.png
207	png	エルツ帝国旗	Pk83.akt.ajisai.ne.jp	2015/03/19(Thu)22:22	2192	text/plain	09b004b	エルツ帝政国旗2.png
206	png	イクトス国旗	pre21364.fip.synapse.ne.jp	2015/03/15(Sun)09:00	1254	text/plain	9c67bf1	ef171908bc15782fc5f04c1754a34887.png
205	png	石動第三帝国旗色調変更	138.205.197.113.dy.bbexcite.jp	2015/03/09(Mon)14:23	3654	text/plain	7089c48	第三帝国旗_convert_20150309142137.png
204	png	テークサット国旗	39.net059085043.t-com.ne.jp	2015/03/02(Mon)02:47	3455	text/plain	dc9bdb5	tsat.png
203	png	vorunesuku	p160.net112139249.tokai.or.jp	2015/02/22(Sun)16:21	1783	text/plain	7de329e	1.png
202	png	共和国国旗	Pk83.akt.ajisai.ne.jp	2015/02/22(Sun)00:16	1293	text/plain	09b004b	エルツrepublic2.png
201	png	ノホ・ヘレコ連邦旗	i219-164-45-176.s02.a020.ap.plala.or.jp	2015/02/15(Sun)12:18	3659	text/plain	*	201.png
200	png	flandre7 kai2.png	p92ee2b.narant01.ap.so-net.ne.jp	2015/02/07(Sat)12:56	3040	text/plain	e4b16b2	frandre8.png
199	png	フランドル・ﾌﾗﾝｾｰｽ共和政府2	p92ee2b.narant01.ap.so-net.ne.jp	2015/02/06(Fri)13:15	3132	text/plain	b95e8e1	frandre8.png
197	png	オーラルティン連邦共和国国旗12	KD124212023172.ppp-bb.dion.ne.jp	2014/12/26(Fri)14:27	2629	text/plain	a96d968	1454.png
196	png	オーラルティン連邦共和国国旗	KD124212023172.ppp-bb.dion.ne.jp	2014/12/25(Thu)15:16	1677	text/plain	a96d968	kokki22.png
192	png	シベリア共和国旗	i218-224-131-181.s02.a020.ap.plala.or.jp	2014/11/22(Sat)12:32	1464	text/plain	*	シベリア共和国.png
191	png	スコッチランド	d239183.dynamic.ppp.asahi-net.or.jp	2014/10/23(Thu)10:04	3433	text/plain	5f6e5b2	Scotland.png
190	png	レゲロ国旗	softbank126029198205.bbtec.net	2014/10/12(Sun)23:29	3306	text/plain	*	レゲロ社会主義 mini.png
189	png	ガータ・ベルンダ	254.251.120.153.ap.yournet.ne.jp	2014/10/06(Mon)01:41	3615	text/plain	*	Belunda.png
188	png	エルツ国旗	Pi38.akt.ajisai.ne.jp	2014/10/05(Sun)19:10	3025	text/plain	09b004b	エルツ共和国旗ver2.png
187	png	コンビョーゾ王国国旗	nttkyo018234.tkyo.nt.ngn.ppp.infoweb.ne.jp	2014/10/01(Wed)23:32	3023	text/plain	*	国旗.PNG
186	png	レゲロ人民共和国国旗	softbank126029203193.bbtec.net	2014/09/18(Thu)16:02	4089	text/plain	*	レゲロ.png
185	png	エルツの国旗	Pj28.akt.ajisai.ne.jp	2014/07/20(Sun)20:30	3774	text/plain	09b004b	erutuflag.png
183	png	ベルサニエーレ	w180120.dynamic.ppp.asahi-net.or.jp	2014/07/01(Tue)20:30	2467	text/plain	1930d95	国旗11.png
182	png	仏法政権	KD121108020009.ppp-bb.dion.ne.jp	2014/06/30(Mon)17:33	1362	text/plain	3ec8801	1024px-Japanese_Buddhist_flag.png
181	png	フリー国旗（青に星）　ご自由にどうぞ（Xymnl）	p2229-ipbf2205marunouchi.tokyo.ocn.ne.jp	2014/06/27(Fri)02:37	974	text/plain	5ee201d	フリー国旗Ｄ.png
180	png	フリー国旗（稲に歯車　共産主義）　ご自由にどうぞ（Xymnl）	p2229-ipbf2205marunouchi.tokyo.ocn.ne.jp	2014/06/27(Fri)02:29	2981	text/plain	d4149cf	フリー国旗Ｃ.png
179	png	フリー国旗（水に鳩）　ご自由にどうぞ（Xymnl）	p2229-ipbf2205marunouchi.tokyo.ocn.ne.jp	2014/06/27(Fri)02:13	2897	text/plain	d4149cf	フリー国旗Ｂ.png
178	png	フリー国旗（黒に赤鷲）　ご自由にどうぞ（Xymnl）	p2229-ipbf2205marunouchi.tokyo.ocn.ne.jp	2014/06/27(Fri)01:55	886	text/plain	d4149cf	フリー国旗Ａ.png
177	png	コルツ国旗2	p1221-ipngn100203niho.hiroshima.ocn.ne.jp	2014/06/22(Sun)17:37	2428	text/plain	3043753	３コルツ.png
176	png	コルツ国旗	p1221-ipngn100203niho.hiroshima.ocn.ne.jp	2014/06/22(Sun)17:30	2444	text/plain	*	２コルツ.png
175	png	ユースウェリア	37.98.134.27.ap.yournet.ne.jp	2014/06/17(Tue)20:11	3639	text/plain	*	yus.png
174	png	ひのもと新国旗	119-171-174-153.rev.home.ne.jp	2014/06/01(Sun)20:33	2964	text/plain	e325b8a	sakura11_21.png
173	png	正統吉備皇国旗	softbank219063094111.bbtec.net	2014/05/26(Mon)19:41	4047	text/plain	*	Flag_of_Okayama_Prefecture.svg.png
172	png	小帝国旗	Pi99.akt.ajisai.ne.jp	2014/05/11(Sun)22:36	3795	text/plain	*	エルツ小帝国旗.png
171	png	クシミニャール暫定侯国旗	p2044-ipbf4402marunouchi.tokyo.ocn.ne.jp	2014/05/08(Thu)23:00	3988	text/plain	5ee201d	xymnjar.png
170	png	エデレス新国旗	FL1-119-242-254-172.oky.mesh.ad.jp	2014/05/06(Tue)23:12	196	text/plain	f816a4d	170.png
169	png	シベリア共和国連邦旗	i219-165-251-28.s02.a020.ap.plala.or.jp	2014/05/02(Fri)17:34	216	text/plain	*	169.png
168	png	昭栄国国旗	c-98-232-59-90.hsd1.wa.comcast.net	2014/04/24(Thu)11:31	248	text/plain	6f52e91	shoei-hata.png
167	png	太極旗(韓国国旗)	231.142.243.49.ap.yournet.ne.jp	2014/04/21(Mon)23:46	3718	text/plain	*	800px-Flag_of_South_Korea_svg - コピー.png
166	png	エルツ国旗	Pi99.akt.ajisai.ne.jp	2014/04/21(Mon)00:55	3476	text/plain	*	460px-Huguenot_cross_svg3.png
163	png	宗教国家エルツ	Pi99.akt.ajisai.ne.jp	2014/04/21(Mon)00:32	3646	text/plain	*	460px-Huguenot_cross_svg2.png
162	png	アプゾルート連邦共和国国旗	KD124212023172.ppp-bb.dion.ne.jp	2014/04/20(Sun)17:39	3730	text/plain	712de48	無題.png
161	png	石動第三帝国旗	softbank219063094111.bbtec.net	2014/04/06(Sun)20:58	3422	text/plain	*	s_isurugidaisan.png
160	png	佰愿神社	softbank221040110135.bbtec.net	2014/04/06(Sun)18:16	331	text/plain	30b7c94	osahara.png
